
> invitation-web@0.1.0 build:cloudflare
> node scripts/build-cloudflare.mjs

vite v8.3.1 building client environment for production...
transforming...
✓ 68 modules transformed.
rendering chunks...
[plugin vite:singlefile] 

[plugin vite:singlefile] Inlining: index-MgGviese.js
[plugin vite:singlefile] Inlining: style-3ObGSQJ9.css
computing gzip size...
dist-cloudflare/index.html  3,177.11 kB │ gzip: 2,178.64 kB

✓ built in 242ms
vite v8.3.1 building client environment for production...
transforming...
✓ 12 modules transformed.
rendering chunks...
computing gzip size...
cloudflare/build/replacement.mjs  72.59 kB │ gzip: 20.71 kB

✓ built in 64ms
Cloudflare frontend and Worker module built. No deployment performed.
