
> invitation-web@0.1.0 build:cloudflare
> node scripts/build-cloudflare.mjs

vite v8.3.1 building client environment for production...
transforming...
✓ 68 modules transformed.
rendering chunks...
[plugin vite:singlefile] 

[plugin vite:singlefile] Inlining: index-C-8b8EH2.js
[plugin vite:singlefile] Inlining: style-6TN1Rmmq.css
computing gzip size...
dist-cloudflare/index.html  3,177.77 kB │ gzip: 2,178.72 kB

✓ built in 219ms
vite v8.3.1 building client environment for production...
transforming...
✓ 12 modules transformed.
rendering chunks...
computing gzip size...
cloudflare/build/replacement.mjs  72.59 kB │ gzip: 20.71 kB

✓ built in 61ms
Cloudflare frontend and Worker module built. No deployment performed.
