
> invitation-web@0.1.0 build:cloudflare
> node scripts/build-cloudflare.mjs

vite v8.3.1 building client environment for production...
transforming...
✓ 70 modules transformed.
rendering chunks...
[plugin vite:singlefile] 

[plugin vite:singlefile] Inlining: index-B0J42fAi.js
[plugin vite:singlefile] Inlining: style-CK4dsAYH.css
computing gzip size...
dist-cloudflare/index.html  3,181.08 kB │ gzip: 2,179.74 kB

✓ built in 327ms
vite v8.3.1 building client environment for production...
transforming...
✓ 12 modules transformed.
rendering chunks...
computing gzip size...
cloudflare/build/replacement.mjs  78.23 kB │ gzip: 21.89 kB

✓ built in 90ms
Cloudflare frontend and Worker module built. No deployment performed.
