
> invitation-web@0.1.0 build:cloudflare
> node scripts/build-cloudflare.mjs

vite v8.3.1 building client environment for production...
transforming...
✓ 62 modules transformed.
rendering chunks...
[plugin vite:singlefile] 

[plugin vite:singlefile] Inlining: index-xRlis_Sp.js
[plugin vite:singlefile] Inlining: style-DiJk6ygR.css
computing gzip size...
dist-cloudflare/index.html  3,164.07 kB │ gzip: 2,174.52 kB

✓ built in 220ms
vite v8.3.1 building client environment for production...
transforming...
✓ 11 modules transformed.
rendering chunks...
computing gzip size...
cloudflare/build/replacement.mjs  71.50 kB │ gzip: 20.35 kB

✓ built in 66ms
Cloudflare frontend and Worker module built. No deployment performed.
